// Jest Snapshot v1, https://goo.gl/fbAQLP

exports[`Weather Component > renders without errors and matches snapshot 1`] = `
<View
  style={
    {
      "flex": 1,
      "position": "relative",
    }
  }
>
  <View
    accessibilityIgnoresInvertColors={true}
    style={
      {
        "flex": 1,
        "justifyContent": "center",
      }
    }
  >
    <Image
      blurRadius={70}
      resizeMode="cover"
      source={1}
      style={
        [
          {
            "bottom": 0,
            "left": 0,
            "position": "absolute",
            "right": 0,
            "top": 0,
          },
          {
            "height": undefined,
            "width": undefined,
          },
          undefined,
        ]
      }
    />
    <View
      style={
        {
          "alignItems": "center",
          "flex": 1,
          "flexDirection": "row",
          "justifyContent": "center",
        }
      }
    >
      <View
        collapsable={false}
        style={
          {
            "backgroundColor": "transparent",
            "overflow": "hidden",
            "transform": [
              {
                "rotate": "0deg",
              },
            ],
          }
        }
        useNativeDriver={false}
      >
        <RNSVGSvgView
          bbHeight="140"
          bbWidth="140"
          focusable={false}
          height={140}
          style={
            [
              {
                "backgroundColor": "transparent",
                "borderWidth": 0,
              },
              {
                "flex": 0,
                "height": 140,
                "width": 140,
              },
            ]
          }
          width={140}
        >
          <RNSVGGroup
            fill={
              {
                "payload": 4278190080,
                "type": 0,
              }
            }
          >
            <RNSVGPath
              d="M64.50916208442445 15.274770909708586
          A55 55 0 0 1 70 15"
              fill={
                {
                  "payload": 0,
                  "type": 0,
                }
              }
              propList={
                [
                  "fill",
                  "stroke",
                  "strokeWidth",
                  "strokeLinecap",
                ]
              }
              stroke={
                {
                  "payload": 4278956978,
                  "type": 0,
                }
              }
              strokeLinecap={1}
              strokeWidth="10"
            />
          </RNSVGGroup>
        </RNSVGSvgView>
      </View>
    </View>
  </View>
</View>
`;
